<html><body>
<div class="myClass" style="color: red; display: inline-block; font-size: 12px; width: 100%;">Test</div>
<div class="myClass" style="color: red; display: inline-block; font-size: 12px; width: 100%;">Test</div>
</body></html>
