<html><body>
<div style="color: red; display: inline-block; font-size: 12px; width: 100%;" class="myClass">Test</div>
<div style="color: red; display: inline-block; font-size: 12px; width: 100%;" class="myClass">Test</div>
</body></html>
